dga.asia
kb.dga.asia
video.dga.asia
sc.dga.asia
dgti.dga.asia
nhqdc.com
msdn.microsoft.nhqdc.com
icoreemail.com
demo.icoreemail.com
officesuport.com
kiwi.officesuport.com
cdn.officesuport.com
test.officesuport.com
mail.officesuport.com
ntpc.officesuport.com
main.officesuport.com
excel.officesuport.com
remote.officesuport.com
ismtrsn.club
lrm.ismtrsn.club
tgoomh.ismtrsn.club
news.ismtrsn.club
icarln.ismtrsn.club
liveonlin.com
npgsql.liveonlin.com
public.liveonlin.com
tech.liveonlin.com
main.liveonlin.com
cctv.liveonlin.com
alexa-api.com
www.alexa-api.com
ngndc.com
air.ngndc.com
spa.ngndc.com
mkn.ngndc.com
ekaldhfl.club
ts.ekaldhfl.club
amlakist.com
pwspaic.com
paic.website
androidtopapp.com
bankshopstars.site
cashihash.com
cdn-cloudflare.org
checkbacktill.com
ec2.amazzed.top
moffice365.live
image91.360doc.com
welcome.toutiao.com
payroll.blogtodaynews.com
zalofilescdn.com
mcafee-endpoint.com
microsofts.download
mrnxvdm.tk
nortonupdate.com
omnomnom.group
signup-now.com
hosting-64.xyz
netf30813.monster
media64.xyz
netw32.xyz
robertstratton.xyz
rogerwlaker.xyz
onlinestephanie.xyz
unwomen.org
prodibi.com
atakai-technologies.online
akamai-technologies.website
amamai-tecnologies.space
amatai-technologies.digital
faisal-cv.com
winsecurityupdate7x32.org
updatesecurity64win.org
winupdate7x32.org
winupdate7x32.net
securityupdatewin32.org
dealeva.com
peernew.com
stephq.com
freesectest.ml
winservsec.com
microsoft-ns1.com
office365upgrade.com
conwaytools.me
dockerresearchlabs.com
microsoftupdates.ml
windows-update.nz
checkavail.space
x.necential.de
githubsec.tk
supercombinating.com
pepesec.azureedge.net
aaabbbccc-liebiao.9pyw.com
usahack.xyz
api.pcocot.com
z652.com
forteupdate.com
ate-cic.com
backup-helper.com
backup-leader.com
bakcup-checker.com
bakcup-monster.com
boost-servicess.com
itsme-belgie.com
nas-leader.com
online-activering.com
service-checker.com
service-leader.com
pepesec3.azureedge.net
best-backup.com
best-nas.com
bestservicehelper.com
simple-backupbooster.com
top-backupservice.com
top3-services.com
topbackup-helper.com
topbackupintheworld.com
topservice-masters.com
backups1helper.com
driver-boosters.com
driver1downloads.com
service-hel.com
service1update.com
view-backup.com
bullheadcitybee.us
westharrison.org
flash-load.ml
conf.azureedge.net
kalicobalt.ddns.net
node.podzone.org
iqio.net
backup1master.com
checktodrivers.com
driver1master.com
driver1updater.com
driverdwl.com
viewdrivers.com
frontend.physicsandcs.me
test.praetorian-threat-hunt.com
news.gfstaxadvisory.com
reward-firstenergy.azureedge.net
binbong.net
office-cdn6.azureedge.net
tothesky.merseine.com
ssl.cccccsssss.com
idriveboost.com
idrivedownload.com
idrivefinder.com
idrivehepler.com
service1boost.com
service1upd.com
high.vphelp.net
aaatus.com
avrenew.com
ayechecker.com
ayiyas.com
backup1service.com
backup1services.com
backupmaster-service.com
backupmasterservice.com
besttus.com
bigtus.com
biliyilish.com
blackhoall.com
bouths.com
brainschampions.com
bugsbunnyy.com
cantliee.com
caonimas.com
chalengges.com
checkhunterr.com
checkwinupdate.com
ciscocheckapi.com
cleardefencewin.com
cmdupdatewin.com
comssite.com
conhostservice.com
daggerclip.com
defenswin.com
developmasters.com
easytus.com
eighteenthservicehelper.com
eighthservicehelper.com
eighthserviceupdater.com
eleventhservicehelper.com
eleventhserviceupdater.com
errvghu.com
fastbloodhunter.com
fifthservice-developer.com
findtus.com
firstservice-developer.com
firstserviceupdater.com
firstservisehelper.com
firsttus.com
fourservicehelper.com
fourteenthservicehelper.com
fourthserviceupdater.com
freeallsafe.com
freeoldsafe.com
gameleaderr.com
getinformationss.com
giveasees.com
greattus.com
gtrsqer.com
gungameon.com
gunsdrag.com
hakunamatatata.com
harddagger.com
havesetup.net
helpforyourservice.com
hungrrybaby.com
hurrypotter.com
hybriqdjs.com
iexploreservice.com
info-develop.com
jonsonsbabyy.com
kungfupandasa.com
lindasak.com
livecheckpointsrs.com
livetus.com
loxliver.com
lsassupdate.com
lsasswininfo.com
martahzz.com
maybebaybe.com
microsoftupdateswin.com
moonshardd.com
mountasd.com
myservicebooster.com
myservicebooster.net
myserviceconnect.net
myserviceupdater.com
myyserviceupdater.com
nasmastrservice.com
newservicehelper.com
nineteenthservicehelper.com
ninethservice-developer.com
ninthservicehelper.com
nomadfunclub.com
puckhunterrr.com
pudgeee.com
qascker.com
raidbossa.com
rapirasa.com
razorses.com
regbed.com
reginds.com
remotessa.com
renovatesystem.com
scrservallinst.info
secondservice-developer.com
secondserviceupdater.com
service-booster.com
service-hellper.com
service-helpes.com
service-hunter.com
service-updateer.com
serviceboosterr.com
serviceboostnumberone.com
servicecheckerr.com
servicedbooster.com
servicehunterr.com
servicemonsterr.com
servicesbooster.com
servicesbooster.org
servicesecurity.org
serviceshelpers.com
serviceswork.net
serviceuphelper.com
servicewikii.com
seventhservice-developer.com
seventhservicehelper.com
sexycservice.com
shabihere.com
sibalsakie.com
sixteenthservicehelper.com
sixthservice-developer.com
sixthservicehelper.com
sixthserviceupdater.com
sunofgodd.com
target-support.online
tarhungangster.com
taskshedulewin.com
tenthservice-developer.com
tenthservicehelper.com
tenthserviceupdater.com
thirdservice-developer.com
thirdservicehelper.com
thirdserviceupdater.com
thirteenthservicehelper.com
tiancaii.com
top-servicebooster.com
topsecurityservice.net
topservicehelper.com
topservicesbooster.com
topservicesecurity.com
topservicesecurity.org
topservicesupdate.com
topservicesupdates.com
topserviceupdater.com
twelfthservicehelper.com
twelvethserviceupdater.com
twentiethservicehelper.com
unlockwsa.com
update-wind.com
update-wins.com
updatemanagir.us
updatewinlsass.com
updatewinsoftr.com
vnuret.com
voiddas.com
web-analysis.live
windefens.com
winsysteminfo.com
winsystemupdate.com
wodemayaa.com
zhameharden.com
boost-helper.com
it1booster.com
iupdaters.com
iupdatemaster.com
imasterupdate.com
ibackupboost.com
iservicec.com
nasbooster.com
nashelper.com
nasupdater.com
uncheckhel.com
cs.bulletproofsi.net
ctfd.top
secure.voidlink.me
bhenergy.centralus.cloudapp.azure.com
keefu.10086.cn
idv0h0h.qiniudns.com
login.10010.com
stuats.sogou.com
oary.10086.cn
cs40a.microsoftupa.com
test.systemdata.club
up.systemdata.club
w30.microsoft-shop.com
abo.microsoft-shop.com
tiehsijisne.microsoft-shop.com
down.flash-plays.com
ugliquarie.com
flashdowns.com
m0z.api.qq.com.w.cdngslb.com
waf.micorsoft.cc
pagga.net
update.offices-cloud.com
f1ash-cn.space
d3nlhg2r60muhw.cloudfront.net
mswinupdate.net
cloud.falconoasisdubai.com
syvansoft.com
gue.life
m33.bar
easyco.club
j3qq4.club
hoo.wiki
91xx.cc
adecco-report.com
adoption-aid.org
d3qa8hx8i84f47.cloudfront.net
epic.pwnage.loc
mrhacker97.ddns.net
mutual888.best
r1.xn--habibban-kmb.com
gov-hr-no-reply.org
hr-resources.org
apps.vvvnews.com
eiphaem9aifur1udaizu.badedsho.space
ooliey0phuoghei2cei7.cleans.online
oow8phokeing6kai5hah.glowtrow.online
romansoft2016.asuscomm.com
rs-labs.com
girls4dating.asia
glowtrow.online
cleans.online
universalec.com.zclngty.club
paic-agent.com
mahalaka.hopto.org
driversupd.com
microsoft.systemservices.network
powershell.services
static.ganker.rocks
cs.tomassky.cc
kasperskys.net
agturnfa.com
ysan.ml
io.amscloud.xyz
kinging.ysan.ml
nguyenlieu.gratekey.com
skyler.shacknet.biz
yambanetsdev.net
update-flash.info
console.mail.163.com
3as0n.cn
hihihitesttesttest.xyz
outlook.best
testqweasdzxc.biz
cs.testqweasdzxc.biz
xxx.vhvh.pw
my1empire.duckdns.org
lousingloo.com
websecurenetworks.xyz
diz0zog9i207j.cloudfront.net
brookingsinstitute.org
bezatraud.me
checkoffice.me
lekoservidns.net
rednote.pro
srv.cybesys.com
aliiyunn.cn
vuln.vip
get-flash.net
cs.l10.pw
cs2.l10.pw
cs3.l10.pw
siliconpower2020.best
hackercoc.duckdns.org
straitsnetline.com
matesmapizza.com
travmeetlett.com
alibabaclouds.de
elisea-mutuelle.fr
flash.google-api-tools.com
m107.google-api-tools.com
globalcrisiscentre.com
360.anonymou5.com
360hao.xyz
360updata.ml
800best.ml
8868e034138a484e.myvnc.com
a93.xyz
amazon.aliyuncs.cc
amazoning.sytes.net
api.vinavass.net
apiservice.webhop.net
arsecops.smugmug.com
autotoll.net
awayfar.top
b2.crazyshoppings.com
badc2.ml
bookstorexs.tk
brusses.com
burtonschlorofluorocarbon.com
cdn.baiduanalyst.xyz
cdns.blogsite.org
cgbackup.napaioki.com
check.fiashupdate.xyz
cloud-fer.com
cloudata.cf
cob.vesselsregister.com
code.jquerys.xyz
coivo2xo.livehost.live
coivotek.livehost.live
confederational.com
contmetric.com
control.commanderinthe.cloud
creditnetfinance.com
cs201020.vi-05.com
csmu.website
csxeiaweuao781cs.cf
cuphq.com
d1hp3kzjl3pr7y.cloudfront.net
d1iz6lkxr9mblm.cloudfront.net
d1yxgunqlbb2ab.cloudfront.net
d2mq9y2bddy4j9.cloudfront.net
d2xdjeule1g229.cloudfront.net
delicalo.dnsalias.net
deloitte-services.azureedge.net
deltawrite.com
digitallightphotography.net
dns.spc-networks.com
ebs.awsedge.net
en.flsah.cc
englishhelpernet.com
fc.cyber1ink.com
ffxrqyzbypyxrlfzhx.jnuer.me
fuckbc.ctlers.club
game.soultravel.online
githongkong.com
h22.club
hello.fitcomn.com
help.office-books.com
hjdytrgfoljgdyoxfa.com
hk.fcalebook.com
hotshoppingdeal.website
hr.vietnamworks.org
http.ifirstmeet.cn
httpc2.xo0.pw
hw8.info
hypnolab.site
icandraft.com
image.bj.alicdn.network
img.e37998.com
img.intactlinks.com
ims.trust-update.com
m24.yourintrinsichealth.com
microlog.azureedge.net
microsoft-us.ga
microsoft.sfkd.cf
microsoft0com.cf
microsoftcenter.info
microsofts.network
microstamplet.me
msft-cdn.net
mycloudup.com
myredirector1.live
nelnetbanks.com
news.baotuoitre.co
news.khmedianyc.com
nfdkjbfwjakd.ml
ntservicespack.com
ntwindowsupdate.com
oa.srsec.me
oomdatacollect.global.ssl.fastly.net
pepsicoamerica.com
pnt.data-akamai.com
pnwcontent-delivery.com
porr.company
pro.pro-pay.xyz
qfaet.com
qq.cattom.buzz
reboderia.online
rijkzijn.nl
roofstock-cdn5.azureedge.net
rto.redteam.cafe
s03mdn.net
sb.flashfack.ren
scripts.arshmedicalfoundation.com
scripts.completelyinnocuousdomain.com
secure.mllnm.com
securityreserch86.net
seetoo.fayservicing.org
server2.f2pool.vip
service.microsoft-us.ga
service.office247.tech
servupdates.com
shl.netsuite-labs.com
shopwqd.cf
sit.watchdog3.com
slatebank.com
slit.conseques.com
soso-gogo.com
ssl.securelogonweb.com
static.azureimgages.com
sync.googlesyncdication.com
syscx.com
system.administrator.party
systemservices.network
testginwebsite.tk
thuongthuc.gtagrobem.com
timesyncad.com
top.jimwilkens.com
try.fillytable.com
ttpre.eastus.cloudapp.azure.com
updata.flash-tool.ml
update-online.zevenet.art
update.checkavail.space
update.iguyi.co
update.pinyin.pw
update03.microsoft-essentials.com
update1.jscachecdn.com
updatesourcehealth.com
us-system89.com
valvestrailer696.roman-indigo.com
web.kidork.net
who.selfip.org
whoisdm.gotdns.com
winupdate10pack2048.net
wmjdvuif.limyonly.me
wustatwindows.com
yambanetsdev.org
yd.sougoucm.top
red.therclegalgroup.com
faisal3030.ddns.net
askme911.duckdns.org
mhkbtwlkj.com
svchost.freedynamicdns.org
microsoft.z652.com
micsoftin.us
mingpao.us
cdn.sict.icu
security-blockchain.com
asiasyncdb.com
eustylejssync.appspot.com
officeasiaupdate.appspot.com
th1nk.xyz
kwwwing.com
avetool.com
domways.com
exrap.com
geotry.com
mixdir.com
pinglis.com
raills.com
repshd.com
rtrill.com
simvp.com
topevi.com
uncole.com
zipflag.com
ffffaaaaa111.ddnsfree.com
lightroomsrv.com
pulls.napaioki.com
napaioki.com
cs.diao-che.tk
backup-boost.com
backup-monster.com
backup-updater.com
backup-updates.com
backup1-online.com
backupupdonline.com
bluemoongyis.com
drive-dwn.com
drive-upd.com
drive1upd.com
drive1update.com
everydaystaff.net
rangerover-service.org
redbullenergyshop.org
service1updates.com
servicepatcher.com
slutsstore.com
spitondickyouropinionltd.com
top-gun3.com
top-serviceupd.com
top-serviceupdate.com
topbackupupd.com
topserviceboost.com
dbd87b6.ns1.godie.work
godie.work
codejquery.uk.to
jetbarins.com
globalsoftwareoptimization.com
updatevpn.com
googleanalysis.cf
microsoftanalysis.cf
historictradessp.com
backup-supp.com
bestserviceupdate.com
newserviceboost.com
topservicebin.com
aodi-sports-rs4.tk
baron8.com
guerillaservice.com
cometausa-netstar.com
administrator.party
85005.careers.96html.com
85005.careers.trendmicro.96html.com
boostetits.com
jobjean.com
jobrian.com
clearyourtextupdaterslover.xyz
examplebrowserclearlysafe.xyz
state-support.net
state-mgmt.us
servicext.com
bestampage.com
bestheria.com
bestriche.com
momenticide.com
momentrap.com
bidendistry.com
dentistrious.com
boosterant.com
boosterion.com
akamacloud.pro
asurecloud.tech
akamacloud.tech
akamalupdate.site
asurecloud.pro
libhd.com
nullpin.com
cod.system-ns.net
test.blilbill.top
co.avavav.cf
cloudflare.trust-ssl.net
cloud.trust-ssl.org
dresservice.com
fast1arrival.com
finderist.com
kolsunday.com
musictheir.com
newmsoffice.com
otherfind.com
servicenary.com
serviceroy.com
servicetheir.com
sundize.com
viewhuntish.com
viewhuntly.com
wearegoshts.best
addvol.com
digised.com
docrule.com
etcle.com
evatip.com
focuslex.com
innohigh.com
newiro.com
plushawk.com
riolist.com
secost.com
simonty.com
touchroof.com
wingsst.com
city-announcements.us
laboratorer.com
few-moments.com
gloomix.com
owaoffice365.com
backupwatch.com
fussion1.com
gig1bits.com
gsmulticolour.com
kolibraryman.com
libraryst.com
nrestings.com
nxenapps.com
servicebeats.com
servicesond.com
servicewhite.com
showyoursysteminfosphe.xyz
top1serviceboost.com
viewwiki.com
hdhuge.com
englishpar916xml.com
newtill.com
tonbits.com
wordten.com
gogililutopikup.com
pinteslazluerdsz.com
nameshow.site
biollet.com
redwelt.com
lodidy.com
theqaz.com
djiqowenlsakdj.com
remote.claycityhealthcare.com
jumpbill.com
ntes.ntes.cf
cobalt.ctlers.club
smadst.com
adsclickboost.com
fort-communications.com
rainy-autumn.top
mscomajax.azureedge.net
theradio-blog.com
cloud-microsft.xyz
update.cloud-microsft.xyz
sekel.accore-store.com
d3iwn27a701no7.cloudfront.net
logon.securewindows.xyz
cobaltstrikedomain.io
6d30f5fa.hivheriu.cobaltstrikedomain.io
bacynx.com
rertai.com
mrelephant-ight.com
chrome-update-static.tk
flash-up.info
update.webguardsecurity.xyz
update.securessl.xyz
eochea.com
inctot.com
ptambi.com
systemupdata.monster
addiggen.com
uradorek.com
fuckyourserver.xyz
s91-update.mala7at.com
app.lanjinger.com
fuckapi.microsoft.com
balabala.tangotango.tk
yellow-mountain-cb5f.pza3-bdcb3s.workers.dev
ifcloudir.ga
ifpricloud.cf
gold-rain.xyz
msf0.f3322.net
1nevadasports.com
njerseysports.com
onealaskasport.com
onecoloradosport.com
onenevadasport.com
co.lvhaosou360.co
tranews1.com
healthmade.org
itshealthpro.com
unitedfamilyhealth.net
doorkeys.us
kasaa.net
pirijinko.ru
shadowwolf.ml
serv1ce.microsoft.com
as.hashsystem.xyz
qw.hashsystem.xyz
xz.hashsystem.xyz
35486.test.googlecnd.com
47790.test.googlecnd.com
sonicwall-vpn.com
ydzf.10086.cn
onclouds.azuredges.com
medicalenv.com
utils.oss-cn-beijing.aliyuncs.com
onrnicrosoft.com
2f6dd7ba.ns8.1-sec.tk
2f6dd7ba.ns9.1-sec.tk
37734f2.ns7.1-sec.tk
37734f2.ns8.1-sec.tk
5c4c67b2.ns8.1-sec.tk
5c4c67b2.ns9.1-sec.tk
shopazer.com
finishhimm.com
akamaclouds.app
googlecnd.com
microsoft-help-us.com
update.microsoft-help-us.com
londonenglishh.com
londonteea.com
mgfee.com
englishbreakfasst.com
fastpic-domain.com
shopdsld-invoce.com
astara20.com
bestsecure2020.com
creephealth.com
jquery234.com
fasgs.tk
sitehealthcheck.org
exlorerwork.com
edinburgh-map.co.uk
microupdate.https443.net
cdn.usbankcreditcards.com
furnewslether.com
streeanloanerich.com
smollpush.com
epp.ctgcp.com
ssrolt.global.ssl.fastly.net
sls-cloudfunction-ap-guangzhou-code-1252222501.cos.ap-guangzhou.myqcloud.com
trustsecnet.com
w3.microsoftupdate-softwarecenter.ml
update.ubuntuupdata.ga
teamsinsight.myanalytics.cdn.office.net
berrn.net
lesti.net
office.symanteccdn.com
amzservicedesk.com
regionsbankk.com
serevalutinoffice.com
choice.microsoft.com.ansatc.net
watson.telemetry.microsoft.com.ansatc.net
microsotfonline.org
cruel.coreforce.net
madness.coreforce.net
greattxmsng-imgx.com
derotin.com
gucunug.com
pavateg.com
service-3ehlvob0-1301977346.gz.apigw.tencentcs.com
service-pvgy9r42-1257357125.gz.apigw.tencentcs.com
estouki.com
serviapd.com
sage-salesforce.com
micrsoft.org
d17e6gprvxm55x.cloudfront.net
d2y0zf746pooa8.cloudfront.net
scangroup.azurewebsites.net
scripts.general-aerospace.de
lyru96px.slt.cdntip.com
monitorsz.910app.com
duck-json.ml
21tb-file3.21tb.com
21tb-file3.21tb.com.w.kunlunca.com
misty-wind-488d.360xcn.workers.dev
bare.3dfb47b2.postnord.berylia.org
mfa.gov.berylia.org
google-dev.tk
braunballon.com
udpdeliveryddp.com
update-doc.info
financebanck.com
micrasoftdefender.com
ondriev.tk
twittre.tk
itsuppport.com
antivirusmallware.com
tr1.accountsync.net
24d60ffa.doc.mscode.ml
24d60ffa.docs.mscode.ml
zulomuw.com
cs.608000.xyz
cs.910001.xyz
eluosijiaofu.com
aphapt.com
holerd.com
manageupdaternetwork.com
4fzjyvs545osjxsr.onion
drellio.com
silenceel.com
mompat.com
office3949in.com
dev.burdine-health.com
dsl0-msoffice.com
feedback.safeyoke.com
waystamp.com
testsubnet.com
microsoftchina.org
chrome.gccgle-update.com
support.ozonsale.org
micosoftupdate.cf
dns.micosoftupdate.cf
test.asaicell.com
update.asaicell.com
wanelandorc.com
aaa.stage.820759.politica.foiha.com.br
digitadvance.com
googleupdt.com
security-desk.com
waf-update.xyz
fast885.xyz
dimuyum.com
killsecuritybusiness.com
knotsecuritybusiness.com
madesecuritybusiness.com
risetomoon.com
ropesecuritybusiness.com
securitybusinessmean.com
dimentos.com
mostwales.com
retromesh.com
ilimennt.com
dristare.com
fedmer.com
forenam.com
gorilen.com
kiromas.com
liojikd.com
lioneci.com
pijoms.com
tristare.com
uliconp.com
yisimen.com
zokotej.com
broape.com
cinondo.com
eishyl.com
emptre.com
fesked.com
horvace.com
marrefy.com
healthcareclubdb.com
akastat.app
www-360-update-com.tk
bad.yoxxx.tk
bob.renatoborbolla.work
kh2.sentrysource.com
aj.sentrysource.com
classworldint.com
ichunqiuqax.tk
akabox.tech
kizuho.com
eduhk.studiteroom.email
olhnmn.com
lsass.cloud
activedirectorysearch.com
persoonlijknab.com
saferem.com
service.microsoft-us.ml
dragonisthebest.tk
google-images.ml
jquery-code.ml
lmgur.me
symantecupd.com
virscan.xyz
theyardservice.com
mstscr.com
mirrors.shuiditech.cn
file1sarutest1.s3-ap-southeast-2.amazonaws.com
catchmeifyoucan.mywire.org
federalresiliencyproject.com
gov-services.org
gov-survey.org
no-reply-info.com
straxotechnology.com
immm.xyz
mx.777888yuy.xyz
certsbl.ddns.net
azurlink.net
bynatechnologies.org
citygov.net
credit-services.us
facilities-update.com
hrtiisolutions.com
sevecotechnology.com
statetesting.org
hesitatesecuritybusiness.com
firsino.com
detroylq.xyz
wtegragaeg.tech
ceburel.com
rtr02.archrodon.net
explorerconfigurate.com
gmbfrom.com
lanstier.com
sidfrom.com
winsecuritybusiness.com
wechat-cdn.com
operaa.net
cannstattraction.com
microsoftupdatecdn.ml
securitybusinessgrey.com
waceko.com
check.microsoftupdatecdn.ml
defenderupdateav.com
zh.sb-gov.cf
alfanalytic.com
antivirusbitdefender.com
hubojo.com
krinsop.com
securityupdateav.com
ms-sp365.com
1.cs123456.xyz
1hao.xyz
dns12.org
equitasbank.azureedge.net
fishhub.ca
fucking.ml
info.poscobusiness.com
jnahetverylongduck.us
js.news1010.net
login.office247.tech
microsoftupdateapp.com
msn.com.getdsoft.com
portal.phizerbiontech.com
qfaet.com.d.cdnvip1.com
rewza.net
safeconnections.xyz
service-0wh8xp28-1259179598.gz.apigw.tencentcs.com
service-66n1zpgp-1253379620.sh.apigw.tencentcs.com
service-71a5mprd-1302056084.sh.apigw.tencentcs.com
service-84nhclt7-1256646536.sh.apigw.tencentcs.com
service-cbfodv0t-1301877960.sh.apigw.tencentcs.com
service-f5ikc4ax-1305094099.sh.apigw.tencentcs.com
service-fl9p4b9j-1259312707.bj.apigw.tencentcs.com
service-nwp9p8dh-1252572991.cd.apigw.tencentcs.com
service-oh6mfypt-1259329988.bj.apigw.tencentcs.com
service-p44yb571-1300400844.cd.apigw.tencentcs.com
test.justsec.xyz
veeamdata.com
yaunfang.a.qianxin.com.cdn.dnsv1.com
365office.tk
download.google-images.ml
microsftportal.com
ddddoooossss.tk
test.ddddoooossss.tk
cn-cd-dx-1.natfrp.cloud
infosecuritybusiness.com
livedsecuritybusiness.com
raresecuritybusiness.com
ropsesecuritybusiness.com
service-0d28r0i3-1255997775.bj.apigw.tencentcs.com
microsovft.com
moneybankoncityasd.com
fhfghhjiiutrec.com
openoffice-city.com
worldwidecharityinc.com
pofafu.com
rirabe.com
zeheza.com
opashif.com
survey.unitedfcu.co
dev-malware.xyz
vdomain.serveblog.net
cs123456.xyz
yuetchn.top
microsoftdocs.workers.dev
cdn.microsoftdocs.workers.dev
gui.cookieconsentpub.com
nab.cookieconsentpub.com
open.cookieconsentpub.com
rellest.com
ns7.softline.top
ns8.softline.top
ns9.softline.top
cdn3wire.net
rusoti.com
microsoftcenter.live
pigaji.com
ulrichjok.com
vizosi.com
sservers.org
pe1.pesrvrs.com
pe2.pesrvrs.com
pe3.pesrvrs.com
baidu.com.yiers.tk
akametrics.com
7861f5b56aa4.xyz
regnumviajes.xyz
aliyunn.cc
amazon.aliyunn.cc
fortress.cyberstonesecurity.com
windowsdoors.me
canada-gov.ca
santeassurance.fr
css.santeassurance.fr
client.santeassurance.fr
static.santeassurance.fr
chromeupdategooglle.com
microsotfonline.us
worldpublicpress.com
topazmer.com
flashplayer-update.com
groupbzs.com
zizodream.com
wuyoo.vip
update.pcocot.com
clampuncture.com
spa4e.ga
hoeidia.com
amaz0n.cc
cs.amaz0n.cc
afoot.life
cybermatrix.ml
amusient.com
blindingdomains.com
endpointapis.com
jomihd.com
onembr.com
payufe.com
sammitng.com
macrodown.com
securesoftme.com
macrodown.azureedge.net
securesoftme.azureedge.net
js.payl0ad.ga
ss.payl0ad.ga
nollipap.tk
fivefkl.com
franktomaz.com
syncgoogle.site
monthypyton.com
stockstrading-fx.com
googleapi.space
googlet.cf
microgoogle.ml
test.googleapi.space
dihata.com
ftp-download.com
hesovaw.com
refebi.com
standartrocks.com
arkdaily.ftp-download.com
mantosombra.com
softnewspaper.com
usanewsalabama.com
red-glitter-6e59.sdsadsadasdfg.workers.dev
ag.yiyebf3.xyz
app.healthychallenges.org
secure.nyphysicians.org
lualibs.oss-cn-hongkong.aliyuncs.com
sblog.cc
inn0iux.ddns.net
date-flash.com
hufamal.com
firstcloud.top
kiligvps.tk
updatecore.net
dev.updatecore.net
cs3.firstcloud.top
gojihu.com
rasokuc.com
yuxicu.com
barovur.com
keholus.com
lozobo.com
flachu.com
juniper-firmware.com
bitupfx.com
boku.network
govtjobsnic.net
jegufe.com
pesrado.com
stg.pesrado.com
gellpac.com
windows-microsoft-en.com
wolfe22.com
akamadataconnectionresponsecdns.com
kaslose.com
perk-plan.com
sharpfoz.com
buttonrich.com
forgetfulbig.com
pullscrewyell.com
upsetearthabrupt.com
vegetablered.com
hrmagazine.uk
a2.hrmagazine.uk
banksgmb.com
challparty.com
ideanotsure.com
trashborting.com
sharkfishinguk.com
anch0r.xyz
jean911nie.com
rolemd.com
lala.anch0r.xyz
update.jean911nie.com
sentinel.azureedge.net
signalr-azure.net
api.signalr-azure.net
findoutcredit.com
besthealthforme.com
fastly-cdn.xyz
korils.com
static.fastly-cdn.xyz
assets.switzer.com.au.global.prod.fastly.net
australianmissilescorporation.com.global.prod.fastly.net
secure.sharepointplatform.com
mitsubon.com
ooops.tk
tencentcloudapi.tk
upwindows.tk
oa.freelinuxupdate.tk
sts.tencentcloudapi.tk
microsofte.gq
test.microsofte.gq
sg1cloud.com
trialgmail.space
cc.sf.sg1cloud.com
cdn.us-west-4.sfo.prod.global.prod.fastly.net
thgilnoisullisid.xyz
wangzha156.xyz
onlinestudy.thgilnoisullisid.xyz
loikdo.com
hondame.com
imagalytics.com
mazdafo.com
msfthelpdesk.com
onlineworkercz.com
zylbzxcv.tk
hello.zylbzxcv.tk
acurashu.com
adobeflash.cc
croperdate.com
fivezin.com
freshjuk.com
georgiaonsale.com
identalytics.com
link.withpulm.com
marshbol.com
newyorkshel.com
nopostings.com
shuterb.com
smallgop.com
tcmb.azureedge.net
flashqq.xyz
volga.azureedge.net
donuak.com
l1stary.xyz
a.l1stary.xyz
wmjdvu.limyonly.me
share666.top
ms8629-oscpsec.info
d3uexwarxkd1ug.cloudfront.net
rabay3a.no-ip.biz
commer-soft.com
f4l1k.tk
testdomain0x00.xyz
blog.f4l1k.tk
jikuran.com
nacicaw.com
yourupdate.org
f1ansh.com
cdn-aliyuncdn.com
d3udu6347fbra1.cloudfront.net
itforkbey.xyz
liot666.ml
travelnumb.com
zikojut.com
fidomarvins.com
madersoft.com
mersvecabrito.com
moduwoj.com
vojefe.com
rentdis.com
microsoft.adobeflash.cc
kelowuh.com
oppits.top
zivizea8.com
esxi-update.net
microsofthk.com
microsoftkernel.com
amazon.hksupd.com
update.microsofthk.com
update.microsoftkernel.com
client-login.ch
post.client-login.ch
datacdn.digital
fscoode.xyz
avastsecurityt.com
sophossecurityt.com
symantecsecurityt.com
jobscost.com
m.jobscost.com
jeithe7eijeefohch3qu.probes.site
tets.test
api.services.global.prod.fastly.net
cdnidentity.site
updatervmware.com
forticlientupdater.com
amd-jira.s3.us-west-1.amazonaws.com
eachsecuritybuswin.com
emusecuritybusaudit.com
independencesecurity.com
xahebuz.com
xozepux.com
zuhufoy.com
hopesecuritywinbus.com
securitybusinesspink.com
winsecuritybuess.com
winssecuritybusaudit.com
dandens.com
jeepves.com
0ffline.offes.co.uk
0x00e.com
BrownAdv.azureedge.net
aba.abservers.net
beast.cybersecuritytesting.net
beff1.com
brelle2.com
bug.yi567.xyz
buy9185.com
c1.windowsupdates.me
c2.windowsupdates.me
chmowd.xyz
commerce-deal.com
crycat.cn
csma.cf
cyberevilcorp.tk
cymkpuadkduz.xyz
d18krv932r2kbr.cloudfront.net
dwi22g.com
fideclouds.cf
flashcf.cf
gbl3bsa.global.ssl.fastly.net
googlet.ml
goptgrou.global.ssl.fastly.net
ksksadjasidjsaidjasionline.xyz
li1556-207.members.linode.com
lowicz.work
myhome.xin
ncvtnb.crycat.cn
redlist.cyou
rtascloud.ml
service-3b40shrd-1259492848.sh.apigw.tencentcs.com
service-46xiujs1-1305236517.bj.apigw.tencentcs.com
service-62h5nw04-1304664184.hk.apigw.tencentcs.com
service-70yk5ffv-1302233847.bj.apigw.tencentcs.com
service-7101u8gd-1259312707.bj.apigw.tencentcs.com
service-88lff4yo-1258381285.gz.apigw.tencentcs.com
service-8kz3qa82-1252380555.gz.apigw.tencentcs.com
service-cao57eu9-1300400844.cd.apigw.tencentcs.com
service-cv62i2eg-1258558004.hk.apigw.tencentcs.com
service-f8xnept9-1304578925.bj.apigw.tencentcs.com
service-kv7kpkp9-1251201153.bj.apigw.tencentcs.com
service-lxyhuozm-1301500665.gz.apigw.tencentcs.com
service-p05n3e3x-1255997775.bj.apigw.tencentcs.com
shop.redlist.cyou
smart.windowsnet.workers.dev
treres.com
tscf.3322.org
ys.myhome.xin
spdevhost.com
newton-analytics.com
rufeng.xyz
my.rufeng.xyz
alabamatotana.com
alaskaramana.com
grandseco.com
greenpocx.com
joraman.com
rismno.com
attentionsecuritysys.com
combinesecuritybusiness.com
decidedsecuritybusiness.com
fistauditbusiness.com
groupitllc.com
hearingsecuritybus.com
heavysecurityaudit.com
iffysecuritybusiness.com
investmentnowwin.com
investmentreaudit.com
investsystrealestate.com
jumpsecuritybusiness.com
livesecurityservice.com
observermonitor.com
orbssecuritybusisys.com
protonmonitor.com
ratedupwin.cloud
reasonssecuritybus.com
securitsysaudit.com
securitybusinessbeat.com
streamdev.net
winsysecuritybusiness.com
withsecuritybusiness.com
pandorasong.com
ddos.dnsnb8.net
edgeservices.biz
bilibili.cc
xiao.bilibili.cc
awsmcafee.com
googleupdateonline.com
microsoftmanager.com
officesupport.info
kesprogrx.com
onedriveup.today
z.blrlabs.com
crtdnl.com
demtp.com
dxabt.com
sncbe.com
sochuk.com
softlemon.net
test.softlemon.net
dark-forest-002.president.workers.dev
d3788l8s1a9sdt.cloudfront.net
tigerdrill.xyz
bobyfrank.com
grupostefano.com
jobefur.com
kertisbank.com
modasum.com
sujaxa.com
breelja.com
codeguf.com
fofguru.com
fudsport.com
mounjump.com
zarbgo.com
auditsysmonitoring.com
dasfipjefasd.xyz
tebo-tech.com
winsysmonitoring.com
cirolabs.de
gdtechs.xyz
virtdoki.com
azeast-cdn.azureedge.net
carmellof.com
thomas-jefferson.org
unsinorg.cf
ls666.space
javainfo.xyz
info.javainfo.xyz
pwn-t.tk
a.pwn-t.tk
feed61.azurewebsites.net
flash-update.me
analyzing.ml
yowewak.com
fobisu.com
juxudiz.com
solehem.com
vecegup.com
zamefi.com
arrogancly.cn
csssmddx.cf
lkea.store
api.lkea.store
apname.org
itts.apname.org
tech.apname.org
yangming.cf
a.yangming.cf
localhost-microsoft.com
svchost.azureedge.net
telus.azurewebsites.net
update.msnlivemail.com
download.localhost-microsoft.com
baranartana.com
gorilabiras.com
harmanakat.com
hatoramonara.com
jartynara.com
labavamty.com
martabana.com
martabataoa.com
martinatrba.com
zarioalanabar.com
101amon.buzz
okfuck.xyz
jj.okfuck.xyz
whoismrrobot.xyz
fermanin.com
hamazem.com
yonepi.com
skilltechno.com
unifp.com
nvoice-mail.com
bqtconsulting.com
gov-solutions.tech
amazonec2cloud.top
time.amazonec2cloud.top
gfjjblnoihugfjdrhcjgvhb.com
igovservice.net
webmail.igovservice.net
cragdesk.com
solvaq.com
revenueunlimited.life
binsoxe.com
bunced.net
deriklo.com
ravenzt.com
zincuz.net
hlingxbm.xyz
tencent-qq-com.cf
jiubie.tk
erikten.cn
cs.erikten.cn
dm0joizg99a57.cloudfront.net
sdilok.com
watchingfreetv.live
gawocag.com
hiduwu.com
trendmicrocdn.com
twltte.com
check.trendmicrocdn.com
static.twltte.com
peaeoneu.cc
cdn.peaeoneu.cc
meqia.xyz
globalmeichat.org
meichatgroup.org
vishorts.com
pfunt.com
d37ai0j9ekf6sm.cloudfront.net
d1q1gmujdwgeju.cloudfront.net
d35ixxvnyqldyc.cloudfront.net
ksdb.ru
mscrl1.azureedge.net
xkxk.info
junfs.com
siloam.com
publiccdnie.azureedge.net
webinars-epom.com
service-l6j88pzg-1300868263.gz.apigw.tencentcs.com
systest.nl
uwprivatebank.nl
shvano.com
quues.com
godgives.me
travelboone.com
flreeyes.com
gfgrouphk.com
service-14v4pnqn-1259219677.sh.apigw.tencentcs.com
bluecfg.com
cybertower.xyz
unbileaveable.com
d17vo3ygjck7t2.cloudfront.net
evalstars.com
readteam.club
cloubfiare.digital
codasal.com
dolulifati.com
fulujam.com
minogohacu.com
ragojel.com
vafici.com
adwlabs.top
microsoft.radio.fm
aimages.nuomi.com
techbotlook.info
secrdp.icu
uestcedu.com
aspnet0sys.tk
service-pg5544wx-1307188804.sh.apigw.tencentcs.com
microsoftedgeupdate.com
2021.microsoftedgeupdate.com
windowspowerr.com
download.windowspowerr.com
service-exmv2txo-1304204648.gz.apigw.tencentcs.com
service-7589z010-1257374261.gz.apigw.tencentcs.com
msrcc.tk
midealogonserver.com
e.client.360.cn
upgrade.adobe-flash-upgrade.com
egehscw4h42h4.com
smccab.com
updata.microsoft-api.workers.dev
cirolab.de
f35e7f6.ns1.philhackenkill.ltd
f35e7f6.ns2.philhackenkill.ltd
apt.freelinuxupdate.tk
msf.freelinuxupdate.tk
aclevacz.com
akametric.co
gariomavaba.com
haylohealthcare.com
mastertunam.com
remote-service-microsoflt.com
tarentamar.com
xowerov.com
bidenalabma.com
bluekuraso.com
curiyi.com
digisurveys.co
fedortu.com
gibimu.com
komuwoj.com
redsoks.com
robinsmoll.com
syncmetric.biz
trumpded.com
vonjobz.com
wuhuxe.com
zewaje.com
securesupport.org
windflare.cloud
windowsnet.workers.dev
ns1.out1ook.me
ns2.out1ook.me
services.microsoft-updateservice.tk
bimafu.com
bucejay.com
cegabox.com
dipadux.com
grovfda.com
kevinjohan.com
kitanfaz.com
namastat.com
pecojap.com
pozotuc.com
wupake.com
xoxalab.com
zosohev.com
powertap.org
mitinob.com
newsobl.com
radezig.com
tubaho.com
controllerairlanes.top
exfiltrating.me
howeyoh.com
jcyrsirm8fjrudswk.xyz
nagiwo.com
rurofo.com
salitue8.com
cs.jcyrsirm8fjrudswk.xyz
dcmm282azzjeb.cloudfront.net
firefoxupdatenew.com
howiwo.com
tepiwo.com
sql.healthtechsales.com
knonwsec.com
bg.knonwsec.com
kemptvilleflorist.com
us.kemptvilleflorist.com
checkauj.com
do1t.tk
soufgen.com
d1mgemv4ufawu7.cloudfront.net
api-cloudflare.com
cache.pay-api.api-cloudflare.com
openlanguage.live
dnsr.a94.xyz
hsafe.xyz
user.hsafe.xyz
audio-sv5-t1-3.pandora.com
cdcwarning.com
financialandloan.com
update-chromium.com
ms-storage.global.ssl.fastly.net
ns1.financialandloan.com
hurupon.com
porenaj.com
grinf.net
shytur.com
cs.hackwith.cc
lirovetali.com
kms.filteringcache.com
eyedm.com
statuscheck.duckdns.org
securesupport.website
flashco.host
service-cq6c7204-1308476627.gz.apigw.tencentcs.com
adstexts.co
newb02.skypetm.com.tw
sharouretarot.com
sz-max.com
wx.sz-max.com
anti.pm
yyrkt.info
s.yyrkt.info
youaresafek.ml
agoegations.com
cafebizup.com
ethanwiener.top
service-pl38alm4-1304204648.gz.apigw.tencentcs.com
nlmain20.email
mariamistado.com
account.balalahuangzi.xyz
rest.mcghealthcare.org
rest.neckbackpainrelief.org
api.helphealthcareservice.com
rest.helphealthcareservice.com
conservationcouncilnc.org
api.conservationcouncilnc.org
rest.conservationcouncilnc.org
qianxin.buzz
storage.ondriev.tk
ns2.ondriev.tk
ns3.ondriev.tk
ns4.twittre.tk
ns6.twittre.tk
service-pw83b4d1-1308834646.kr.apigw.tencentcs.com
semei.vip
spacegreyshop.com
g08.pw
cs.g08.pw
anquan.qianxin.com
paydayholiday.me
gstatic.ml
static.gstatic.ml
bartanaba.com
cloudfir.net
gruffnil.com
paarisman.com
shalko.net
msanalytics.workers.dev
events.msanalytics.workers.dev
forred.xyz
name.forred.xyz
googleupdate-inc.com
game.googleupdate-inc.com
cgbchnia.com
vx-cdn.com
ctfwiki.workers.dev
developersgoogle.workers.dev
lcddd.space
wabgs.cloud
insuranceanalytics.workers.dev
services.insuranceanalytics.workers.dev
hr-spot.com
ns1.hr-spot.com
cdn.ag-playgame.com
service-af9b4gdn-1304405887.sh.apigw.tencentcs.com
pharmgenz.com
customsecurityusa.com
juniperengineer.com
officeupdate.workers.dev
cdn.update.microsoft.com.w.kunluncan.com
us-central1-workers-330722.cloudfunctions.net
service-2bt5skq1-1302844954.sh.apigw.tencentcs.com
midcitylanews.com
0012eb.lwindowsupdate.cf
jquery.norincogroup.com.cn
azuregroupusa.com
exchangersdirectory.com
myusapayroll.com
zedtool.com
vorbitech.com
itctka4v.club
d30bham075f6wf.cloudfront.net
service-5uafdphd-1258031921.bj.apigw.tencentcs.com
trendmicro.96html.com
careers.trendmicro.96html.com
us-central1-us-east133.cloudfunctions.net
lwwwamazon.ga
store.lwwwamazon.ga
cs40testa.ddnsfree.com
cstest20220104.ddnsfree.com
tracesdk.azurewebsites.net
shop.96html.com
traffic.96html.com
us-central1-our-brand-330616.cloudfunctions.net
updateservices.org
cggc.cn
service-cvd7d5xh-1307608206.sh.apigw.tencentcs.com
4xlb.cf
puff.4xlb.cf
service-bv4lng5j-1307188804.sh.apigw.tencentcs.com
service-2740lair-1307188804.sh.apigw.tencentcs.com
cdngithub.xyz
wocesa.com
updating.tk
updateskype.com
reasonschoose.xyz
cloud.joannes.tk
service-iyvz90g6-1308412104.gz.apigw.tencentcs.com
service-hgstg4de-1258693037.gz.apigw.tencentcs.com
mf2uls5ota6xijzh5hxktaamunrc4cmjkqkxbhk74bp4uruq6ptph7id.onion.ws
sqldatabaseupdate.tech
xiaolijuan.com
z.evilzz.me
nevdomain.xyz
us-ports.com
coterieinsurance.azureedge.net
api.www3.cloud
sockets.softether.net
fiash.ga
service-anwlalbi-1302650299.gz.apigw.tencentcs.com
fuzanoj.com
znertino.com
dikopago.com
ris.gid.rispacsmx.com
kalitre.com
docuprepit.com
service-mdgeey3n-1259685312.sh.apigw.tencentcs.com
service-7ly8pn0p-1308768559.sh.apigw.tencentcs.com
citrixseruritys.com
service-brm44217-1305827844.cd.apigw.tencentcs.com
fuckyoubaby.tk
ejv8xluugf.execute-api.ap-east-1.amazonaws.com
routinghardware.com
hille1.com
updatemicrsoft.com
webank.updatemicrsoft.com
js.msedgeupdate.com
cdn.ecbscn.com
cookiestest.ml
getdns.gd
lzfhome.xyz
qqfinance.ml
win32.fast
win64.fast
win64.sm
download.lzfhome.xyz
hacktool.python.re
hacktool.win32.fast
hacktool.win64.fast
hacktool.win64.sm
ybk47i6z8q.wikimedia.vip
w01grw7gs.ithome.house
waynecha.com
tututu.live
proxy.tututu.live
service-8wiw5m86-1258984158.gz.apigw.tencentcs.com
multilogin.online
wget-upd.com
d36lvvi7x2am0e.cloudfront.net
appdllsvc.com
azuredcloud.com
deltacldll.com
mscloudin.com
msdllopt.com
nortonalytics.com
pcamanalytics.com
udporm.com
racaci.com
zizexa.com
lihiluj.com
frite22.com
micorsoft.cloud
seapp.vip
kk.seapp.vip
goodstur.com
micorsoft.co
fedresourcesupport.com
nicejuly77.tk
d2ta4wk513xqnh.cloudfront.net
csdbj.xyz
api.csdbj.xyz
service-js9uhs84-1307894361.gz.apigw.tencentcs.com
oiuetnx.com
cctv003.tk
xxmq.pw
calytnto.loca.lt
rogerscorp.org
api.rogerscorp.org
apicon.rogerscorp.org
test.dapig.xyz
service-j3calq95-1251666391.sh.apigw.tencentcs.com
klivlendtaxi.com
lltxfj.tk
kk.lltxfj.tk
whoamise.xyz
newsweatherspot.com
update.newsweatherspot.com
owensboro08.azureedge.net
fiash.co
cdn.fiash.co
dqdqd.xyz
d1lne9z2al5lr6.cloudfront.net
d34mg5xyp5vk0p.cloudfront.net
d3ka3m3tprabce.cloudfront.net
cs.zsqiji.com
lastcat.co.uk
sencye.net
nquy.xyz
facebookint.workers.dev
update.facebookint.workers.dev
nartybarma.com
vartibat.com
micrsoft.shop
mmicrosoft.top
auth.mmicrosoft.top
ap-southeast-1.prod.pr.analytics.amazon.com.amazonaws.la
d3hqu4u75i5ga2.cloudfront.net
cloudwebpictures.com
creative.cloudwebpictures.com
feature.cloudwebpictures.com
online.cloudwebpictures.com
d2vcmitbj8sjr6.cloudfront.net
d33ruhlqob65qh.cloudfront.net
baibu.gq
test.baibu.gq
baidul.fun
jio.vip
flashd.org
d1xdcn6wgo3x0o.cloudfront.net
d3dq5rvyix59g9.cloudfront.net
df7zyfuw3i1kq.cloudfront.net
d320uuykcfc27n.cloudfront.net
service-4qwii674-1304130778.gz.apigw.tencentcs.com
edgemikrosoft.com
d39900kle1tsnc.cloudfront.net
withinsurance.com
hilaxeten.com
woneyomi.com
flash-cn.gq
iamhealthytoday.com
u6x4i3m3.stackpathcdn.com
bartiba.com
sazoya.com
trialyoutube.site
apply.car-finance-credit.com
twlhcgw.com
cs.twlhcgw.com
killahbeeaz.com
arbaniy.com
nsfdfdfdf.xyz
cinciservices.com
marconetworking.com
dev.cinciservices.com
vpn.cinciservices.com
vpn.marconetworking.com
service-9w2jqesu-1258891987.hk.apigw.tencentcs.com
lzzswlvqlinshiyou1xiangnet.tk
driverpackcdn.com
germanzup.com
quzoo7p7.xyz
healthandhumanservicesdepartment.com
newslivegov.com
dmvpv86xc2.azurewebsites.net
adafel.info
baklin.info
cikman.info
cosate.info
coslap.info
chrome.update.adafel.info
critical.chrome.update.adafel.info
critical.edge.update.adafel.info
critical.update.adafel.info
microsoft.critical.chrome.update.adafel.info
microsoft.critical.edge.update.adafel.info
update.adafel.info
sbronm.com
syncdataservices.com
doxatuten.com
bonyasom.com
bornometa.com
gookju.com
grizmit.com
microsoftdownloadstore.com
rowomuhona.com
azuretraining.careers
backtoworksurveys.com
cloud-notification.com
compliance-policies.com
health-checkin.com
hr-notification.net
hrdisclosure.com
lapromotionalservices.com
life-surveys.com
malwarealerts.net
n1-notification.com
nextuprecruiting.com
survey-notification.com
vers778ve29.com
pingcheker.com
cookieholder.com
client.96html.com
cloud.96html.com
akamai-odsp-cdn.azureedge.net
zhyzt.cn
cs1.zhyzt.cn
python-upt.org
microsoftonlineupdates.com
service-qouy1ite-1309097015.gz.apigw.tencentcs.com
merck-med.com
cdn.merck-med.com
duyv9zmlbkt7c.cloudfront.net
ipaysites.com
xn--sngfor-ita.com
d2x9vapu6590s0.cloudfront.net
service-cqxivkek-1302011223.gz.apigw.tencentcs.com
hjdk.vip
windefender-cloud.com
sandisksrvs.gleeze.com
securepdf.workers.dev
sign.securepdf.workers.dev
foxofeli.com
cubic-transportation.com
d1mdflz12t12gs.cloudfront.net
d1rfequ2jtua4r.cloudfront.net
cdnstaticjs.com
proxy1.cdnstaticjs.com
sangfor.workers.dev
nentundo.com
wgnbv.nl
lucid-haze-60556.pktriot.net
serao.network
nssn.serao.network
service-3iwblltw-1309502842.hk.apigw.tencentcs.com
abosws.vaiwan.com
wpq.vaiwan.com
aliyunsecurity.online
artysecuritybusinaudit.com
securitybusinessthin.com
update.aliyunsecurity.online
bloomcad.com
desertfu.com
doombt.com
upfell2.com
gastaro.com
scratchs.xyz
securityhumanresources.com
raven.cam.university
c.holocaust.today
d1021gpwtn238p.cloudfront.net
onlydns.duckdns.org
infonewsweb.com
yipujufaj.com
sagebusiness.biz
microsoft-metrics.com
service-awiuoya1-1306227723.cd.apigw.tencentcs.com
gida1.net
d21e535u1l7h1f.cloudfront.net
sentrylab.cn
vipeklub.com
onesecondservice.com
service-2ga3186f-1257749338.sh.apigw.tencentcs.com
tomezica.com
service-ljayc1ty-1305160635.sg.apigw.tencentcs.com
dehotuciti.com
jakelihegi.com
sawamini.com
xaluji.com
call.freemeyum.com
apiendpoints.azureedge.net
d2w5xnioi4r4gb.cloudfront.net
zsqiji.com
service-anwr3loj-1308308838.bj.apigw.tencentcs.com
d11tkk5xyuecgl.cloudfront.net
d2v3m77iwnc15k.cloudfront.net
bolaoaldaodadasd.com
service-qnkl4z3f-1309697666.bj.apigw.tencentcs.com
defegh.com
jhurbad.com
hiyevila.com
klycnmik.com
microsoft-config.ddns.net
velveticejewels.com
api.velveticejewels.com
lifegothistory.com
qaz668.com
rpt05.r-tec.net
blog.skype-api.co.uk
ms-012.skype-api.co.uk
baiduyuna.tk
1.baiduyuna.tk
2.baiduyuna.tk
3.baiduyuna.tk
jihonz.com
sifgu.com
jaxebiridi.com
districts16.com
dksjqksjj2a.districts16.com
covid.comesa.int
jdhebokdncube.ignorelist.com
service-3bzkgy3y-1251525822.hk.apigw.tencentcs.com
gfcbm.xyz
mil-info.ru
toppension.org
ns1.toppension.org
web.toppension.org
healthdiaiog.com
download.healthdiaiog.com
hostmaster.healthdiaiog.com
formatordpink.com
as.formatordpink.com
qw.formatordpink.com
windows-defender-update.ru
sheet-google.workers.dev
upgradeapi-test.cf
gdk.func.api.chinadd.cn
1qaaz.xyz
ssl.1qaaz.xyz
applebook.ml
onlineesegurocom.com
combo.onlineesegurocom.com
estagio.onlineesegurocom.com
securelogonweb.com
altera.securelogonweb.com
cert.securelogonweb.com
yuuh88t.com
ntcgov.org
dxb.ntcgov.org
geo-raabta.ntcgov.org
geo-tv.ntcgov.org
d3m17u1lrew77y.cloudfront.net
d89xmmx6e5grb.cloudfront.net
service-rjy9pt4x-1251576337.sh.apigw.tencentcs.com
twittter.info
sheollvde.ml
monojohn.webhop.biz
cpnnetwork.com
service-hgmt6age-1302905002.gz.apigw.tencentcs.com
pppookkjjmm.workers.dev
small-breeze-1f36.pppookkjjmm.workers.dev
brikeb.com
alsor.icu
pennetestre.duckdns.org
service-1bq9q5yk-1304258173.gz.apigw.tencentcs.com
cdnskyservice.com
homeworkisonate.com
jquery-ajax.xyz
nodejs.jquery-ajax.xyz
service-k43f6rw9-1308954353.kr.apigw.tencentcs.com
d2efeg4h4.com
ns1.d2efeg4h4.com
kapuleti.com
edgekey.digital
021337.shop
c1.021337.shop
diegomaster.com
kejimn.com
benefits-updates.com
windows-updata.workers.dev
317317.xyz
cloudflare.317317.xyz
payload.buzz
basisem.com
bujoke.com
cajeti.com
cilomum.com
comecal.com
dawasab.com
dohigu.com
dubacaj.com
fipoleb.com
fofudir.com
ganobaz.com
gerepa.com
guvafe.com
hejalij.com
hepide.com
hoguyum.com
jecubat.com
joxinu.com
kidukes.com
kipitep.com
kogasiv.com
kuyeguh.com
lipozi.com
lujecuk.com
masaxoc.com
mebonux.com
mihojip.com
movufa.com
nawusem.com
nerapo.com
paxobuy.com
pazovet.com
pihafi.com
pilagop.com
pipipub.com
pofifa.com
raferif.com
rexagi.com
rimurik.com
sidevot.com
suhuhow.com
tiyuzub.com
vegubu.com
vigave.com
vonavu.com
wezeriw.com
wudepen.com
wuluxo.com
wuvehus.com
wuvici.com
wuvidi.com
xegogiv.com
service-cyaokww2-1305143419.gz.apigw.tencentcs.com
hazel-view.ca
inujipip.xyz
benefits-update.com
bigy.benefits-update.com
myollies.benefits-update.com
new.benefits-update.com
vpn.benefits-update.com
sangfor.info
service-4yzvrkp5-1256842621.sh.apigw.tencentcs.com
aspdotnetpro.com
josefgur.com
billiokz.com
service-fxd8tg9w-1300302924.gz.apigw.tencentcs.com
service-ivgxsjjj-1303081427.sh.apigw.tencentcs.com
service-d3gos2vc-1307608206.gz.apigw.tencentcs.com
forkscenter.fr
nirsoft.me
minileets.com
21-433.minileets.com
sccm.minileets.com
cloudmedia.cf
system.gq
ns.system.gq
mlcr0s0ft.org
msfdomainbuinder.com
helpdesksecurityoff.com
bbuguck.tk
oracle-javaee.tk
cgi-training.com
r1.cgi-training.com
r2.cgi-training.com
dxszl.tk
mcfsoftc.com
fatumarulodge.net
updatemlcrosoft.com
msupdate.tk
online.msupdate.tk
ebrdlab.com
webdatabasesystem.com
forex-service.com
apiv2.forex-service.com
api-myip.workers.dev
api.api-myip.workers.dev
nas-update.com
service-agugfaq3-1307697132.sh.apigw.tencentcs.com
updatedaemon.com
shavar-services.space
hatrabama.onion
d16znfyk4io85v.cloudfront.net
d1pgvo5o7omnol.cloudfront.net
d1py5zango4p59.cloudfront.net
d9q3jo6padkib.cloudfront.net
catinfo.top
lib.catinfo.top
update07.microsoft-essentials.com
gxtv.xyz
ak.gxtv.xyz
metacloud.name
digicdnkey.tech
opensearch.xyz
api.opensearch.xyz
cdn.opensearch.xyz
mail.opensearch.xyz
digitalzone24.com
flashupdate.net
svchost.ml
service-rc10gcrx-1307066631.sh.apigw.tencentcs.com
systemdate.com
up1.systemdate.com
update.systemdate.com
baidencult.com
tianya.baidu.com
new.healthdiaiog.com
poorguy.xyz
mic.poorguy.xyz
balldu.shop
instagam.shop
billiopa.com
serverupdater.com
ms-log-upload.tk
web.ms-log-upload.tk
sashimis.co.uk
jugesib.com
yxhpt.ga
static.yxhpt.ga
update2021.oppo.cn
api.update2021.oppo.cn
api.update2021.oppo.cn.cdn.dnsv1.com.cn
theebrd.co.uk
miorcsoft.com
c.miorcsoft.com
sakilasilla.com
api.spotify.us.com
windowsserviceupdates.net
up.windowsserviceupdates.net
rsasecu.com
verif-me.info
fortinetdirect.com
runfs.icu
service-ag21zuo2-1300496321.gz.apigw.tencentcs.com
service-lu877pc2-1308337151.gz.apigw.tencentcs.com
service-3eslu7yd-1253444731.sh.apigw.tencentcs.com
goooooogle.co
tstmain.forbesjournal.com
twitch.tw
web.symantecav.xyz
ourcookieslover.com
test-cdn.amarbank.co.id
ushealthadvisors.vivialsite.net
cdn.smart-monitor.myhealthfeed.com
myburbank.smugmug.com
safetydatabank.jp
stage.linkhealth.com
360totaisecurity.com
cdn.360totaisecurity.com
tucehagutu.com
absolutetechservices.com
adnnin1.herokuapp.com
value-approve.azurewebsites.net
buyezoda.com
hijelurusa.com
jikediwiz.com
nejehaxed.com
sibagibe.com
sowohas.com
wijazoz.com
vietsovspeedtest.com
firmwareupdater.com
service-qgviw7sx-1302014318.bj.apigw.tencentcs.com
update.krbtgt.xyz
mtndatatech.com
wirelesswebaccess.com
whoami.ze.lu
microsoft-zh.tk
chtrt20220311test.r5.lt
service-6wso9e3t-1257357125.bj.apigw.tencentcs.com
coremailxt5mainjsp.com
telemn.com
telemsn.com
599998.xyz
qianixin.ga
c.bywe.xyz
onobrlve.com
qihoo360.workers.dev
sec.qihoo360.workers.dev
test.sjquery.com
operation.pw
update.operation.pw
youtubb.tk
linux-update.youtubb.tk
d15wf5gd1mk9af.cloudfront.net
d28uoplqzil7wt.cloudfront.net
dtysd455x9rpc.cloudfront.net
dxtj4rxkdldfe.cloudfront.net
service-ika3c8jq-1257941211.gz.apigw.tencentcs.com
fortinetfirewall.com
ciscovpnrouter.com
layuijs.com
cdn-sh.layuijs.com
mypd.pw
91huaxiansheng.online
sapabeka.com
extremewang.tk
kris.extremewang.tk
8bcb-2604-a880-800-10-00-bf8-8001.ngrok.io
huorongsec.com
update.huorongsec.com
flash-com.tk
576747640bbc9e8922cb0c45c7357ccee4ccd36a.online
geotypico.com
pikopotu.com
povagewipa.com
xebibar.com
larksuite.workers.dev
lrinformatica.es
thalgov.xyz
pacom001.vercel.app
shormanz.com
flashpointdatabase.com
vpnupdaters.com
edgeupdater.com
service-4fimktpq-1308337151.gz.apigw.tencentcs.com
bupdater.com
telemetrin.com
cloud-maste.com
fukuoka.cloud-maste.com
d23h3o10ok2cq4.cloudfront.net
y.threatbook.cn
u13.eu
service-bmyga2bl-1305338996.sh.apigw.tencentcs.com
datasafenetworks.com
alivod.med126.com
information.mkzhan.com
yqb.vercel.app
tb.dnsb2b.com
update-servicer.com
apokil.com
blinkij.com
shikjil.com
live80000.com
ao3.hmgo.pw
ascizx.com
flash.ski
wtf360.cf
live.wtf360.cf
terrygetshell.space
weldbuz.com
edge-chrome.com
python35.com
ystrone.top
5gzvip.91tunnel.com
manxtelecon.com
ascssdovsovosdvkodsvjdjbodi.cctv789.org
atsecurity.tk
forgottentok2.xyz
fcalebook.com
fnmsdtx.aliyundemo.com
aliyundemo.com
hur.wolftaam.xyz
wolftaam.xyz
k01.forgottentok2.xyz
mail.chinatelecom-hr.com
micsoft.shop
pinger.uk
remote.nedsecures.co.za
saffic.xyz
service-e21y06jw-1252281553.gz.apigw.tencentcs.com
service-fht9632i-1305160635.hk.apigw.tencentcs.com
service-i4azzy2z-1253427180.sh.apigw.tencentcs.com
service-m328t91d-1307678690.bj.apigw.tencentcs.com
service-mp2sc0gc-1301679103.gz.apigw.tencentcs.com
sinatxbaidu.oneneo.xyz
oneneo.xyz
cdn-windows.com
update.cdn-windows.com
vpn.weteck.site
weteck.site
mlcro50ft.com
data.mlcro50ft.com
cloudkey.ink
api.healthcaresupplierinstitute.com
edgestat.org
learnandcode.info
ec2-54-169-30-236.ap-southeast-1.compute.amazonaws.com
linker.best
cloudflare.linker.best
lgbtqplusfriendlydomain.com
2x.ms
6s.is
flashplayer.download
flashplayer.app
flashplayer.me
flashplayer.one
wssservice.net
wssservice.org
down.flashplayer.app
srdgdr.icp.cool
upadte-googie.com
d23as6q6xw8w50.cloudfront.net
host56jl5300.hopto.org
clscovpn.com
vpncltrlx.com
epizyne.com
study.kurokoleung.cn
guess-me.tk
verybugpromotions.com
426f7n6348.qicp.vip
cottonball.xyz
onelogin-sso.com
service-425yao4l-1301596290.sh.apigw.tencentcs.com
syst1m.tk
asureupdate.pro
asureupdate.tech
d1dt97cxhesza0.cloudfront.net
d23d9h1kce738z.cloudfront.net
d24vgt50z5t73h.cloudfront.net
service-d30f8m92-1307699323.gz.apigw.tencentcs.com
ms-upd.com
update.ms-upd.com
walkingdeadbaby.workers.dev
purple-rice-b6eb.walkingdeadbaby.workers.dev
iheartredteams.com
fuckscstc.cf
kramerden.onion
fortinetsol.com
securitydefender.ga
aig.azureedge.net
fortlvpn.com
apabfs.icu
bitmuch.net
edgecloud.ink
up-flash.com
us-central1-il-5263.cloudfunctions.net
klartbe.onion
faceupfinder.com
lambido.com
vvvth.com
c.vvvth.com
d380v0rxo2agmm.cloudfront.net
barmnava.onion
burmesebleaker.com
chesft.com
avupdaterprocces.com
aliclound-cdn.com
harborfreight.delivery
healthank.com
forxuc.com
d2cvst6yj94t97.cloudfront.net
ffiash.xyz
service-bc25l233-1305245608.sh.apigw.tencentcs.com
find3321.com
always.find3321.com
oneload.find3321.com
d2mscq42iy7dt6.cloudfront.net
d3dndf6mzn5ve3.cloudfront.net
d3pwhbs0vjbfrp.cloudfront.net
api10.ddnsfree.com
sedrf.icu
vk.qa
cs44.vk.qa
imagepaper.tk
image.imagepaper.tk
xinchen.space
yuankong.xinchen.space
wikipedia-book.vote
d1q3mirlmtaaob.cloudfront.net
mail.igov-service.net
alabama.boutique
bittasty.org
cdn-web.net
westorck.com
loll.be
qianxin.asia
ca.securitydefender.ga
static.trendmicrocdn.com
secureworldgroup.org
azure920.store
pinyin.life
d3kywcwj6soxab.cloudfront.net
service-mxnu1lkw-1257643601.gz.apigw.tencentcs.com
axelkim.com
blopik.com
agreminj.com
0ffcie-microsoft.com
ns2.utcsystime.com
ns3.utcsystime.com
inc-arp.ns2.utcsystime.com
aba.inc-arp.ns3.utcsystime.com
aca.inc-arp.ns3.utcsystime.com
ada.inc-arp.ns3.utcsystime.com
aea.inc-arp.ns3.utcsystime.com
afa.inc-arp.ns3.utcsystime.com
aia.inc-arp.ns3.utcsystime.com
ala.inc-arp.ns3.utcsystime.com
bba.inc-arp.ns3.utcsystime.com
bfa.inc-arp.ns3.utcsystime.com
bia.inc-arp.ns3.utcsystime.com
bla.inc-arp.ns3.utcsystime.com
cca.inc-arp.ns3.utcsystime.com
cea.inc-arp.ns3.utcsystime.com
cia.inc-arp.ns3.utcsystime.com
cka.inc-arp.ns3.utcsystime.com
dca.inc-arp.ns3.utcsystime.com
dea.inc-arp.ns3.utcsystime.com
dha.inc-arp.ns3.utcsystime.com
dla.inc-arp.ns3.utcsystime.com
eca.inc-arp.ns3.utcsystime.com
efa.inc-arp.ns3.utcsystime.com
eia.inc-arp.ns3.utcsystime.com
eka.inc-arp.ns3.utcsystime.com
fca.inc-arp.ns3.utcsystime.com
ffa.inc-arp.ns3.utcsystime.com
fia.inc-arp.ns3.utcsystime.com
gaa.inc-arp.ns3.utcsystime.com
gda.inc-arp.ns3.utcsystime.com
gga.inc-arp.ns3.utcsystime.com
gja.inc-arp.ns3.utcsystime.com
haa.inc-arp.ns3.utcsystime.com
hda.inc-arp.ns3.utcsystime.com
hfa.inc-arp.ns3.utcsystime.com
hia.inc-arp.ns3.utcsystime.com
iaa.inc-arp.ns3.utcsystime.com
ida.inc-arp.ns3.utcsystime.com
iga.inc-arp.ns3.utcsystime.com
iia.inc-arp.ns3.utcsystime.com
ila.inc-arp.ns3.utcsystime.com
jda.inc-arp.ns3.utcsystime.com
jga.inc-arp.ns3.utcsystime.com
jja.inc-arp.ns3.utcsystime.com
kaa.inc-arp.ns3.utcsystime.com
kda.inc-arp.ns3.utcsystime.com
kha.inc-arp.ns3.utcsystime.com
kla.inc-arp.ns3.utcsystime.com
lda.inc-arp.ns3.utcsystime.com
lga.inc-arp.ns3.utcsystime.com
lia.inc-arp.ns3.utcsystime.com
lla.inc-arp.ns3.utcsystime.com
mda.inc-arp.ns3.utcsystime.com
mha.inc-arp.ns3.utcsystime.com
mka.inc-arp.ns3.utcsystime.com
mla.inc-arp.ns3.utcsystime.com
naa.inc-arp.ns3.utcsystime.com
nfa.inc-arp.ns3.utcsystime.com
nga.inc-arp.ns3.utcsystime.com
nia.inc-arp.ns3.utcsystime.com
nka.inc-arp.ns3.utcsystime.com
oba.inc-arp.ns3.utcsystime.com
oca.inc-arp.ns3.utcsystime.com
oea.inc-arp.ns3.utcsystime.com
ofa.inc-arp.ns3.utcsystime.com
oga.inc-arp.ns3.utcsystime.com
oha.inc-arp.ns3.utcsystime.com
oia.inc-arp.ns3.utcsystime.com
oja.inc-arp.ns3.utcsystime.com
oka.inc-arp.ns3.utcsystime.com
paa.inc-arp.ns3.utcsystime.com
pba.inc-arp.ns3.utcsystime.com
pca.inc-arp.ns3.utcsystime.com
pda.inc-arp.ns3.utcsystime.com
pea.inc-arp.ns3.utcsystime.com
pfa.inc-arp.ns3.utcsystime.com
pga.inc-arp.ns3.utcsystime.com
pia.inc-arp.ns3.utcsystime.com
pka.inc-arp.ns3.utcsystime.com
qba.inc-arp.ns3.utcsystime.com
qda.inc-arp.ns3.utcsystime.com
qfa.inc-arp.ns3.utcsystime.com
qga.inc-arp.ns3.utcsystime.com
qia.inc-arp.ns3.utcsystime.com
qja.inc-arp.ns3.utcsystime.com
raa.inc-arp.ns3.utcsystime.com
rba.inc-arp.ns3.utcsystime.com
rca.inc-arp.ns3.utcsystime.com
rda.inc-arp.ns3.utcsystime.com
rfa.inc-arp.ns3.utcsystime.com
rga.inc-arp.ns3.utcsystime.com
ria.inc-arp.ns3.utcsystime.com
rja.inc-arp.ns3.utcsystime.com
rka.inc-arp.ns3.utcsystime.com
saa.inc-arp.ns3.utcsystime.com
sba.inc-arp.ns3.utcsystime.com
sea.inc-arp.ns3.utcsystime.com
sga.inc-arp.ns3.utcsystime.com
sia.inc-arp.ns3.utcsystime.com
sja.inc-arp.ns3.utcsystime.com
ska.inc-arp.ns3.utcsystime.com
tba.inc-arp.ns3.utcsystime.com
tda.inc-arp.ns3.utcsystime.com
tea.inc-arp.ns3.utcsystime.com
tfa.inc-arp.ns3.utcsystime.com
tga.inc-arp.ns3.utcsystime.com
tha.inc-arp.ns3.utcsystime.com
tia.inc-arp.ns3.utcsystime.com
tja.inc-arp.ns3.utcsystime.com
tka.inc-arp.ns3.utcsystime.com
uaa.inc-arp.ns3.utcsystime.com
uba.inc-arp.ns3.utcsystime.com
uda.inc-arp.ns3.utcsystime.com
uea.inc-arp.ns3.utcsystime.com
uja.inc-arp.ns3.utcsystime.com
uka.inc-arp.ns3.utcsystime.com
vaa.inc-arp.ns3.utcsystime.com
vea.inc-arp.ns3.utcsystime.com
vfa.inc-arp.ns3.utcsystime.com
vga.inc-arp.ns3.utcsystime.com
vha.inc-arp.ns3.utcsystime.com
via.inc-arp.ns3.utcsystime.com
vja.inc-arp.ns3.utcsystime.com
waa.inc-arp.ns3.utcsystime.com
wca.inc-arp.ns3.utcsystime.com
wfa.inc-arp.ns3.utcsystime.com
wha.inc-arp.ns3.utcsystime.com
wja.inc-arp.ns3.utcsystime.com
xaa.inc-arp.ns3.utcsystime.com
xba.inc-arp.ns3.utcsystime.com
xca.inc-arp.ns3.utcsystime.com
xda.inc-arp.ns3.utcsystime.com
xea.inc-arp.ns3.utcsystime.com
xfa.inc-arp.ns3.utcsystime.com
xga.inc-arp.ns3.utcsystime.com
xka.inc-arp.ns3.utcsystime.com
yba.inc-arp.ns3.utcsystime.com
yea.inc-arp.ns3.utcsystime.com
yfa.inc-arp.ns3.utcsystime.com
yga.inc-arp.ns3.utcsystime.com
yia.inc-arp.ns3.utcsystime.com
yka.inc-arp.ns3.utcsystime.com
zaa.inc-arp.ns3.utcsystime.com
zca.inc-arp.ns3.utcsystime.com
zea.inc-arp.ns3.utcsystime.com
zga.inc-arp.ns3.utcsystime.com
zia.inc-arp.ns3.utcsystime.com
zka.inc-arp.ns3.utcsystime.com
fwfw.xyz
fw.fwfw.xyz
azimurs.com
anydesk.systems
obsward.com
adiptionok.com
news.networkslaoupdate.com
cdn.weekendorg.com
jgom.nl
d1oilcw9ocw745.cloudfront.net
d2ufpetskdq8dy.cloudfront.net
d8hi10lo12zhz.cloudfront.net
fuutid.tk
xxx.xczx.tk
qieaa.world
classgum.com
darwingolang.com
pawevi.com
28naicha.com
bilibili.28naicha.com
nmsl.28naicha.com
extrareliability.com
extrareliability.shop
dns2.extrareliability.com
dns3.extrareliability.com
1348ef2.dns3.extrareliability.com
156a1ebe.dns.extrareliability.com
44450fb2.dns.extrareliability.com
44450fb2.dns2.extrareliability.com
44450fb2.dns3.extrareliability.com
5e50c6b6.dns.extrareliability.com
edgestat.net
gengxin.poxiaowy.com
cdn.mikoto.eu.org
midea.msunion.eu.org
d21i49aag6le6s.cloudfront.net
d3eb5ybi0t5ao9.cloudfront.net
d2owe3848l5ij8.cloudfront.net
service-8x3ac0it-1253616111.bj.apigw.tencentcs.com
updateraccount.com
dezword.com
everythingchecker.com
microsoft-security.ml
explorerupdaterr.com
mmhcloud.azurewebsites.net
service-lj4uyvc5-1257246623.bj.apigw.tencentcs.com
src.baidu.cn.cdn.dnsv1.com.cn
setechnowork.com
service-cxv8s8ve-1310110564.gz.apigw.tencentcs.com
dixavokij.com
vasepinay.com
d39d1x26ycwflz.cloudfront.net
govfiles.org
china-flash.ga
johnsjennifer.com
mscenterupd.com
updatemscenter.com
zonecord.xyz
test.cmbchina.com
cmbsec.test.cmbchina.com
ppew.au
769372677sharepoint.com
dkw27ltz8ozgs.cloudfront.net
dlx6f3s5f0rx2.cloudfront.net
dubzaav687snd.cloudfront.net
bre1ce.top
cs.bre1ce.top
apicloud-ms.azureedge.net
kemasu.site
pzs.life
whoamise.art
proxy1-h2a7gdgeawbbcsad.azureedge.net
cs.whoamise.art
p.pzs.life
laozhangsb.cf
ssh.laozhangsb.cf
cuhitiro.com
hojimizeg.com
notixow.com
bing-maps.earth
norahomespace.online
cdn.hmthiooace.cfd
a5emef8iw0.execute-api.us-east-1.amazonaws.com
fqicudrbaf.execute-api.us-east-1.amazonaws.com
trademot.finance
test.onionpeel.fr
npc.xinchen.space
cs.devil-d.vip
qianxinfile.cf
d6x80ukgqgjvy.cloudfront.net
mircosfot.online
update.mircosfot.online
cloudsecure.top
3cmmsa.online
localhost.gd
dllhost.accesscam.org
cstest20220319.accesscam.org
mynetgearrouter.com
dev.mynetgearrouter.com
kuxoemoli.com
amusedkel.com
service-o4l94y6c-1305271611.gz.apigw.tencentcs.com
torpidor.xyz
adn.fraudfigappzone.com
aft.fraudfigappzone.com
choosetotruck.com
electricnico.com
jennifergalvin.com
kineticwing.com
proexbit.com
ratingsentry.com
ripnoticebook.com
scorelineupdate.com
suezey.com
www.nss.com.tw
w2.chatgptsfit.com
cashout.pw
mint-c2.top
mint-stealer.top
